[2026-06-21 10:17:56] [parse] 07_inequality: found 20 pending conclusions
[2026-06-21 10:17:56] [info] Total pending conclusions: 20
[2026-06-21 10:17:56] [info] Will process 20 conclusions
[2026-06-21 10:17:56] 
============================================================
[2026-06-21 10:17:56] [progress] 1/20: I043 一元二次不等式解法（△>0时两根之外，△=0时除根外，△<0时全体实数或空集）
[2026-06-21 10:17:56] ============================================================
[2026-06-21 10:17:56] [start] I043: 一元二次不等式解法（△>0时两根之外，△=0时除根外，△<0时全体实数或空集）
[2026-06-21 10:17:56] [latex] Generating LaTeX for I043...
[2026-06-21 10:18:25] [parse] 07_inequality: found 20 pending conclusions
[2026-06-21 10:18:25] [info] Total pending conclusions: 20
[2026-06-21 10:18:25] [info] Will process 20 conclusions
[2026-06-21 10:18:25] 
============================================================
[2026-06-21 10:18:25] [progress] 1/20: I043 一元二次不等式解法（△>0时两根之外，△=0时除根外，△<0时全体实数或空集）
[2026-06-21 10:18:25] ============================================================
[2026-06-21 10:18:25] [start] I043: 一元二次不等式解法（△>0时两根之外，△=0时除根外，△<0时全体实数或空集）
[2026-06-21 10:18:25] [latex] Generating LaTeX for I043...
[2026-06-21 10:18:32] [write] source.tex updated (938 chars)
[2026-06-21 10:18:32] [dry-run] I043: would run pipeline + incremental_publish
[2026-06-21 10:18:32] 
============================================================
[2026-06-21 10:18:32] [progress] 2/20: I044 分式不等式解法：移项→通分→化为乘积形式→穿根法
[2026-06-21 10:18:32] ============================================================
[2026-06-21 10:18:32] [start] I044: 分式不等式解法：移项→通分→化为乘积形式→穿根法
[2026-06-21 10:18:32] [latex] Generating LaTeX for I044...
[2026-06-21 10:18:40] [write] source.tex updated (621 chars)
[2026-06-21 10:18:40] [dry-run] I044: would run pipeline + incremental_publish
[2026-06-21 10:18:40] 
============================================================
[2026-06-21 10:18:40] [progress] 3/20: I045 高次不等式解法（穿根法/穿针引线法，奇穿偶不穿）
[2026-06-21 10:18:40] ============================================================
[2026-06-21 10:18:40] [start] I045: 高次不等式解法（穿根法/穿针引线法，奇穿偶不穿）
[2026-06-21 10:18:40] [latex] Generating LaTeX for I045...
[2026-06-21 10:18:49] [write] source.tex updated (1031 chars)
[2026-06-21 10:18:49] [dry-run] I045: would run pipeline + incremental_publish
[2026-06-21 10:18:49] 
============================================================
[2026-06-21 10:18:49] [progress] 4/20: I046 含绝对值不等式解法：
[2026-06-21 10:18:49] ============================================================
[2026-06-21 10:18:49] [start] I046: 含绝对值不等式解法：
[2026-06-21 10:18:49] [latex] Generating LaTeX for I046...
[2026-06-21 10:18:57] [write] source.tex updated (771 chars)
[2026-06-21 10:18:57] [dry-run] I046: would run pipeline + incremental_publish
[2026-06-21 10:18:57] 
============================================================
[2026-06-21 10:18:57] [progress] 5/20: I047 含多个绝对值的不等式（分段讨论法/几何意义法）
[2026-06-21 10:18:57] ============================================================
[2026-06-21 10:18:57] [start] I047: 含多个绝对值的不等式（分段讨论法/几何意义法）
[2026-06-21 10:18:57] [latex] Generating LaTeX for I047...
[2026-06-21 10:19:08] [write] source.tex updated (744 chars)
[2026-06-21 10:19:08] [dry-run] I047: would run pipeline + incremental_publish
[2026-06-21 10:19:08] 
============================================================
[2026-06-21 10:19:08] [progress] 6/20: I048 含参不等式解法（分类讨论参数）
[2026-06-21 10:19:08] ============================================================
[2026-06-21 10:19:08] [start] I048: 含参不等式解法（分类讨论参数）
[2026-06-21 10:19:08] [latex] Generating LaTeX for I048...
[2026-06-21 10:19:16] [write] source.tex updated (1289 chars)
[2026-06-21 10:19:16] [dry-run] I048: would run pipeline + incremental_publish
[2026-06-21 10:19:16] 
============================================================
[2026-06-21 10:19:16] [progress] 7/20: I049 基本不等式求最值的条件：一正二定三相等
[2026-06-21 10:19:16] ============================================================
[2026-06-21 10:19:16] [start] I049: 基本不等式求最值的条件：一正二定三相等
[2026-06-21 10:19:16] [latex] Generating LaTeX for I049...
[2026-06-21 10:19:22] [write] source.tex updated (706 chars)
[2026-06-21 10:19:22] [dry-run] I049: would run pipeline + incremental_publish
[2026-06-21 10:19:22] 
============================================================
[2026-06-21 10:19:22] [progress] 8/20: I050 1 的代换：已知正数 a+b=1，则 1/a+1/b≥4
[2026-06-21 10:19:22] ============================================================
[2026-06-21 10:19:22] [start] I050: 1 的代换：已知正数 a+b=1，则 1/a+1/b≥4
[2026-06-21 10:19:22] [latex] Generating LaTeX for I050...
[2026-06-21 10:19:28] [write] source.tex updated (457 chars)
[2026-06-21 10:19:28] [dry-run] I050: would run pipeline + incremental_publish
[2026-06-21 10:19:28] 
============================================================
[2026-06-21 10:19:28] [progress] 9/20: I051 凑项凑系数求最值（拆项/添项/配系数使乘积为定值）
[2026-06-21 10:19:28] ============================================================
[2026-06-21 10:19:28] [start] I051: 凑项凑系数求最值（拆项/添项/配系数使乘积为定值）
[2026-06-21 10:19:28] [latex] Generating LaTeX for I051...
[2026-06-21 10:19:39] [write] source.tex updated (805 chars)
[2026-06-21 10:19:39] [dry-run] I051: would run pipeline + incremental_publish
[2026-06-21 10:19:39] 
============================================================
[2026-06-21 10:43:49] [parse] 06_probability-stat: found 30 pending rows
[2026-06-21 10:43:49] [info] Total pending rows before filters: 30
[2026-06-21 10:43:49] [info] Will process 30 rows
[2026-06-21 10:43:49] 
[2026-06-21 10:43:49] ============================================================
[2026-06-21 10:47:08] [parse] 06_probability-stat: found 30 pending rows
